// Jest Snapshot v1, https://goo.gl/fbAQLP

exports[`App snapshot should match 1`] = `
<div
  className="main__list"
>
  <ul
    className="user-list"
  />
</div>
`;
