// Jest Snapshot v1, https://goo.gl/fbAQLP

exports[`App snapshot should match 1`] = `
<main
  className="main__detail--email"
>
  <div
    className="email__container--detail"
  >
    <a
      aria-current="page"
      className="active"
      href="/"
      onClick={[Function]}
      style={Object {}}
    >
      <div
        className="name__email text__email"
      >
        from: 
      </div>
    </a>
    <div
      className="text__email"
    >
      date: 
    </div>
    <div
      className="text__email time--email"
    >
      hour: 
       : 
    </div>
    <div
      className="missage__email "
    />
  </div>
</main>
`;
